Archive member included because of file (symbol)

/home/jules/.pebble-sdk/SDKs/current/sdk-core/pebble/emery/lib/libpebble.a(tmpPNFimSpebble.o)
                              src/c/ccwatchface.c.9.o (app_event_loop)

Discarded input sections

 .text          0x0000000000000000        0x0 /home/jules/.pebble-sdk/SDKs/4.5/toolchain/arm-none-eabi/bin/../lib/gcc/arm-none-eabi/4.7.2/thumb2/crti.o
 .bss           0x0000000000000000        0x0 /home/jules/.pebble-sdk/SDKs/4.5/toolchain/arm-none-eabi/bin/../lib/gcc/arm-none-eabi/4.7.2/thumb2/crti.o
 .init          0x0000000000000000        0x4 /home/jules/.pebble-sdk/SDKs/4.5/toolchain/arm-none-eabi/bin/../lib/gcc/arm-none-eabi/4.7.2/thumb2/crti.o
 .fini          0x0000000000000000        0x4 /home/jules/.pebble-sdk/SDKs/4.5/toolchain/arm-none-eabi/bin/../lib/gcc/arm-none-eabi/4.7.2/thumb2/crti.o
 .text          0x0000000000000000       0xc8 /home/jules/.pebble-sdk/SDKs/4.5/toolchain/arm-none-eabi/bin/../lib/gcc/arm-none-eabi/4.7.2/thumb2/crtbegin.o
 .bss           0x0000000000000000       0x1c /home/jules/.pebble-sdk/SDKs/4.5/toolchain/arm-none-eabi/bin/../lib/gcc/arm-none-eabi/4.7.2/thumb2/crtbegin.o
 .init_array    0x0000000000000000        0x4 /home/jules/.pebble-sdk/SDKs/4.5/toolchain/arm-none-eabi/bin/../lib/gcc/arm-none-eabi/4.7.2/thumb2/crtbegin.o
 .fini_array    0x0000000000000000        0x4 /home/jules/.pebble-sdk/SDKs/4.5/toolchain/arm-none-eabi/bin/../lib/gcc/arm-none-eabi/4.7.2/thumb2/crtbegin.o
 .eh_frame      0x0000000000000000        0x0 /home/jules/.pebble-sdk/SDKs/4.5/toolchain/arm-none-eabi/bin/../lib/gcc/arm-none-eabi/4.7.2/thumb2/crtbegin.o
 .jcr           0x0000000000000000        0x0 /home/jules/.pebble-sdk/SDKs/4.5/toolchain/arm-none-eabi/bin/../lib/gcc/arm-none-eabi/4.7.2/thumb2/crtbegin.o
 .tm_clone_table
                0x0000000000000000        0x0 /home/jules/.pebble-sdk/SDKs/4.5/toolchain/arm-none-eabi/bin/../lib/gcc/arm-none-eabi/4.7.2/thumb2/crtbegin.o
 .text          0x0000000000000000        0x0 src/c/ccwatchface.c.9.o
 .bss           0x0000000000000000        0x0 src/c/ccwatchface.c.9.o
 .text          0x0000000000000000        0x0 emery/appinfo.auto.c.9.o
 .bss           0x0000000000000000        0x0 emery/appinfo.auto.c.9.o
 .text          0x0000000000000000        0x0 emery/src/resource_ids.auto.c.9.o
 .bss           0x0000000000000000        0x0 emery/src/resource_ids.auto.c.9.o
 .data.RESOURCE_ID_IMG_SU3
                0x0000000000000000        0x4 emery/src/resource_ids.auto.c.9.o
 .data.RESOURCE_ID_IMG_SU4
                0x0000000000000000        0x4 emery/src/resource_ids.auto.c.9.o
 .data.RESOURCE_ID_IMG_SU5
                0x0000000000000000        0x4 emery/src/resource_ids.auto.c.9.o
 .data.RESOURCE_ID_IMG_SU6
                0x0000000000000000        0x4 emery/src/resource_ids.auto.c.9.o
 .data.RESOURCE_ID_IMG_SU7
                0x0000000000000000        0x4 emery/src/resource_ids.auto.c.9.o
 .data.RESOURCE_ID_IMG_SU8
                0x0000000000000000        0x4 emery/src/resource_ids.auto.c.9.o
 .data.RESOURCE_ID_IMG_SU9
                0x0000000000000000        0x4 emery/src/resource_ids.auto.c.9.o
 .data.RESOURCE_ID_IMG_L20
                0x0000000000000000        0x4 emery/src/resource_ids.auto.c.9.o
 .data.RESOURCE_ID_IMG_L30
                0x0000000000000000        0x4 emery/src/resource_ids.auto.c.9.o
 .data.RESOURCE_ID_IMG_YUE
                0x0000000000000000        0x4 emery/src/resource_ids.auto.c.9.o
 .data.RESOURCE_ID_IMG_SL1
                0x0000000000000000        0x4 emery/src/resource_ids.auto.c.9.o
 .data.RESOURCE_ID_IMG_SL2
                0x0000000000000000        0x4 emery/src/resource_ids.auto.c.9.o
 .data.RESOURCE_ID_IMG_SL3
                0x0000000000000000        0x4 emery/src/resource_ids.auto.c.9.o
 .data.RESOURCE_ID_IMG_SL4
                0x0000000000000000        0x4 emery/src/resource_ids.auto.c.9.o
 .data.RESOURCE_ID_IMG_SL5
                0x0000000000000000        0x4 emery/src/resource_ids.auto.c.9.o
 .data.RESOURCE_ID_IMG_SL6
                0x0000000000000000        0x4 emery/src/resource_ids.auto.c.9.o
 .data.RESOURCE_ID_IMG_SL7
                0x0000000000000000        0x4 emery/src/resource_ids.auto.c.9.o
 .data.RESOURCE_ID_IMG_SL8
                0x0000000000000000        0x4 emery/src/resource_ids.auto.c.9.o
 .data.RESOURCE_ID_IMG_SL9
                0x0000000000000000        0x4 emery/src/resource_ids.auto.c.9.o
 .data.RESOURCE_ID_IMG_U0
                0x0000000000000000        0x4 emery/src/resource_ids.auto.c.9.o
 .data.RESOURCE_ID_IMG_U1
                0x0000000000000000        0x4 emery/src/resource_ids.auto.c.9.o
 .data.RESOURCE_ID_IMG_U2
                0x0000000000000000        0x4 emery/src/resource_ids.auto.c.9.o
 .data.RESOURCE_ID_IMG_U3
                0x0000000000000000        0x4 emery/src/resource_ids.auto.c.9.o
 .data.RESOURCE_ID_IMG_U4
                0x0000000000000000        0x4 emery/src/resource_ids.auto.c.9.o
 .data.RESOURCE_ID_IMG_U5
[...]
Memory Configuration

Name             Origin             Length             Attributes
APP              0x0000000000000000 0x0000000000020000 xrw
*default*        0x0000000000000000 0xffffffffffffffff

Linker script and memory map

LOAD /home/jules/.pebble-sdk/SDKs/4.5/toolchain/arm-none-eabi/bin/../lib/gcc/arm-none-eabi/4.7.2/thumb2/crti.o
LOAD /home/jules/.pebble-sdk/SDKs/4.5/toolchain/arm-none-eabi/bin/../lib/gcc/arm-none-eabi/4.7.2/thumb2/crtbegin.o
LOAD src/c/ccwatchface.c.9.o
LOAD emery/appinfo.auto.c.9.o
LOAD emery/src/resource_ids.auto.c.9.o
LOAD src/message_keys.auto.c.9.o
LOAD /home/jules/.pebble-sdk/SDKs/current/sdk-core/pebble/emery/lib/libpebble.a
START GROUP
LOAD /home/jules/.pebble-sdk/SDKs/4.5/toolchain/arm-none-eabi/bin/../lib/gcc/arm-none-eabi/4.7.2/thumb2/libgcc.a
LOAD /home/jules/.pebble-sdk/SDKs/4.5/toolchain/arm-none-eabi/bin/../lib/gcc/arm-none-eabi/4.7.2/../../../../arm-none-eabi/lib/thumb2/libc.a
END GROUP
LOAD /home/jules/.pebble-sdk/SDKs/4.5/toolchain/arm-none-eabi/bin/../lib/gcc/arm-none-eabi/4.7.2/thumb2/crtend.o
LOAD /home/jules/.pebble-sdk/SDKs/4.5/toolchain/arm-none-eabi/bin/../lib/gcc/arm-none-eabi/4.7.2/thumb2/crtn.o

.header         0x0000000000000000       0x82
 *(.pbl_header)
 .pbl_header    0x0000000000000000       0x82 emery/appinfo.auto.c.9.o
                0x0000000000000000                __pbl_app_info

.note.gnu.build-id
                0x0000000000000082       0x26
                0x0000000000000082                PROVIDE (BUILD_ID, .)
 *(.note.gnu.build-id)
 *fill*         0x0000000000000082        0x2
 .note.gnu.build-id
                0x0000000000000084       0x24 linker stubs

.text           0x00000000000000a8      0x858
 *(.text)
 .text          0x00000000000000a8       0x14 /home/jules/.pebble-sdk/SDKs/current/sdk-core/pebble/emery/lib/libpebble.a(tmpPNFimSpebble.o)
 *(.text.*)
 .text.main_window_unload
                0x00000000000000bc      0x154 src/c/ccwatchface.c.9.o
 .text.create_bitmap_layer
                0x0000000000000210       0x32 src/c/ccwatchface.c.9.o
 .text.set_bitmap_on_layer
                0x0000000000000242       0x2c src/c/ccwatchface.c.9.o
 *fill*         0x000000000000026e        0x2
 .text.update_time
                0x0000000000000270      0x108 src/c/ccwatchface.c.9.o
 .text.update_date
                0x0000000000000378       0xf8 src/c/ccwatchface.c.9.o
 .text.tick_handler
                0x0000000000000470       0x1a src/c/ccwatchface.c.9.o
 *fill*         0x000000000000048a        0x2
 .text.main_window_load
                0x000000000000048c      0x22c src/c/ccwatchface.c.9.o
 .text.startup.main
                0x00000000000006b8       0x84 src/c/ccwatchface.c.9.o
                0x00000000000006b8                main
 .text.app_event_loop
                0x000000000000073c        0xc /home/jules/.pebble-sdk/SDKs/current/sdk-core/pebble/emery/lib/libpebble.a(tmpPNFimSpebble.o)
                0x000000000000073c                app_event_loop
 .text.bitmap_layer_create
                0x0000000000000748        0xc /home/jules/.pebble-sdk/SDKs/current/sdk-core/pebble/emery/lib/libpebble.a(tmpPNFimSpebble.o)
                0x0000000000000748                bitmap_layer_create
 .text.bitmap_layer_destroy
                0x0000000000000754        0xc /home/jules/.pebble-sdk/SDKs/current/sdk-core/pebble/emery/lib/libpebble.a(tmpPNFimSpebble.o)
                0x0000000000000754                bitmap_layer_destroy
 .text.bitmap_layer_get_layer
                0x0000000000000760        0xc /home/jules/.pebble-sdk/SDKs/current/sdk-core/pebble/emery/lib/libpebble.a(tmpPNFimSpebble.o)
                0x0000000000000760                bitmap_layer_get_layer
 .text.bitmap_layer_set_bitmap
                0x000000000000076c        0xc /home/jules/.pebble-sdk/SDKs/current/sdk-core/pebble/emery/lib/libpebble.a(tmpPNFimSpebble.o)
                0x000000000000076c                bitmap_layer_set_bitmap
 .text.bitmap_layer_set_compositing_mode
                0x0000000000000778        0xc /home/jules/.pebble-sdk/SDKs/current/sdk-core/pebble/emery/lib/libpebble.a(tmpPNFimSpebble.o)
                0x0000000000000778                bitmap_layer_set_compositing_mode
 .text.clock_is_24h_style
                0x0000000000000784        0xc /home/jules/.pebble-sdk/SDKs/current/sdk-core/pebble/emery/lib/libpebble.a(tmpPNFimSpebble.o)
                0x0000000000000784                clock_is_24h_style
 .text.gbitmap_create_with_resource
                0x0000000000000790        0xc /home/jules/.pebble-sdk/SDKs/current/sdk-core/pebble/emery/lib/libpebble.a(tmpPNFimSpebble.o)
                0x0000000000000790                gbitmap_create_with_resource
 .text.gbitmap_destroy
                0x000000000000079c        0xc /home/jules/.pebble-sdk/SDKs/current/sdk-core/pebble/emery/lib/libpebble.a(tmpPNFimSpebble.o)
                0x000000000000079c                gbitmap_destroy
 .text.layer_add_child
                0x00000000000007a8        0xc /home/jules/.pebble-sdk/SDKs/current/sdk-core/pebble/emery/lib/libpebble.a(tmpPNFimSpebble.o)
                0x00000000000007a8                layer_add_child
 .text.memset   0x00000000000007b4        0xc /home/jules/.pebble-sdk/SDKs/current/sdk-core/pebble/emery/lib/libpebble.a(tmpPNFimSpebble.o)
                0x00000000000007b4                memset
 .text.tick_timer_service_subscribe
                0x00000000000007c0        0xc /home/jules/.pebble-sdk/SDKs/current/sdk-core/pebble/emery/lib/libpebble.a(tmpPNFimSpebble.o)
                0x00000000000007c0                tick_timer_service_subscribe
 .text.window_create
                0x00000000000007cc        0xc /home/jules/.pebble-sdk/SDKs/current/sdk-core/pebble/emery/lib/libpebble.a(tmpPNFimSpebble.o)
                0x00000000000007cc                window_create
 .text.window_destroy
                0x00000000000007d8        0xc /home/jules/.pebble-sdk/SDKs/current/sdk-core/pebble/emery/lib/libpebble.a(tmpPNFimSpebble.o)
                0x00000000000007d8                window_destroy
 .text.window_get_root_layer
                0x00000000000007e4        0xc /home/jules/.pebble-sdk/SDKs/current/sdk-core/pebble/emery/lib/libpebble.a(tmpPNFimSpebble.o)
                0x00000000000007e4                window_get_root_layer
 .text.window_set_window_handlers
                0x00000000000007f0        0xc /home/jules/.pebble-sdk/SDKs/current/sdk-core/pebble/emery/lib/libpebble.a(tmpPNFimSpebble.o)
                0x00000000000007f0                window_set_window_handlers
 .text.window_stack_push
                0x00000000000007fc        0xc /home/jules/.pebble-sdk/SDKs/current/sdk-core/pebble/emery/lib/libpebble.a(tmpPNFimSpebble.o)
                0x00000000000007fc                window_stack_push
 .text.bitmap_layer_set_background_color
                0x0000000000000808        0xc /home/jules/.pebble-sdk/SDKs/current/sdk-core/pebble/emery/lib/libpebble.a(tmpPNFimSpebble.o)
                0x0000000000000808                bitmap_layer_set_background_color
 .text.localtime
                0x0000000000000814        0xc /home/jules/.pebble-sdk/SDKs/current/sdk-core/pebble/emery/lib/libpebble.a(tmpPNFimSpebble.o)
                0x0000000000000814                localtime
 .text.time     0x0000000000000820        0xc /home/jules/.pebble-sdk/SDKs/current/sdk-core/pebble/emery/lib/libpebble.a(tmpPNFimSpebble.o)
                0x0000000000000820                time
 *(.rodata)
 *(.rodata*)
 .rodata.TIME_UPPERCASE_ONES_RESOURCES
                0x000000000000082c       0x28 src/c/ccwatchface.c.9.o
                0x000000000000082c                TIME_UPPERCASE_ONES_RESOURCES
 .rodata.DATE_LOWERCASE_ONES_RESOURCES
                0x0000000000000854       0x28 src/c/ccwatchface.c.9.o
                0x0000000000000854                DATE_LOWERCASE_ONES_RESOURCES
 .rodata.TIME_UPPERCASE_TENS_RESOURCES
                0x000000000000087c        0xc src/c/ccwatchface.c.9.o
                0x000000000000087c                TIME_UPPERCASE_TENS_RESOURCES
 .rodata.DATE_LOWERCASE_TENS_RESOURCES
                0x0000000000000888       0x10 src/c/ccwatchface.c.9.o
                0x0000000000000888                DATE_LOWERCASE_TENS_RESOURCES
 .rodata.TIME_LOWERCASE_ONES_RESOURCES
                0x0000000000000898       0x28 src/c/ccwatchface.c.9.o
                0x0000000000000898                TIME_LOWERCASE_ONES_RESOURCES
 .rodata.DATE_UPPERCASE_ONES_RESOURCES
                0x00000000000008c0       0x28 src/c/ccwatchface.c.9.o
                0x00000000000008c0                DATE_UPPERCASE_ONES_RESOURCES
 .rodata.TIME_LOWERCASE_TENS_RESOURCES
                0x00000000000008e8       0x18 src/c/ccwatchface.c.9.o
                0x00000000000008e8                TIME_LOWERCASE_TENS_RESOURCES

.glue_7         0x0000000000000900        0x0
 .glue_7        0x0000000000000000        0x0 linker stubs

.glue_7t        0x0000000000000900        0x0
 .glue_7t       0x0000000000000000        0x0 linker stubs

.vfp11_veneer   0x0000000000000900        0x0
 .vfp11_veneer  0x0000000000000000        0x0 linker stubs

.v4_bx          0x0000000000000900        0x0
 .v4_bx         0x0000000000000000        0x0 linker stubs

.iplt           0x0000000000000900        0x0
 .iplt          0x0000000000000000        0x0 /home/jules/.pebble-sdk/SDKs/4.5/toolchain/arm-none-eabi/bin/../lib/gcc/arm-none-eabi/4.7.2/thumb2/crtbegin.o

.rel.dyn        0x0000000000000900        0x0
 .rel.iplt      0x0000000000000000        0x0 /home/jules/.pebble-sdk/SDKs/4.5/toolchain/arm-none-eabi/bin/../lib/gcc/arm-none-eabi/4.7.2/thumb2/crtbegin.o

.data           0x0000000000000900        0x4
 *(.data)
 .data          0x0000000000000900        0x0 /home/jules/.pebble-sdk/SDKs/4.5/toolchain/arm-none-eabi/bin/../lib/gcc/arm-none-eabi/4.7.2/thumb2/crti.o
 .data          0x0000000000000900        0x4 /home/jules/.pebble-sdk/SDKs/4.5/toolchain/arm-none-eabi/bin/../lib/gcc/arm-none-eabi/4.7.2/thumb2/crtbegin.o
                0x0000000000000900                __dso_handle
 .data          0x0000000000000904        0x0 src/c/ccwatchface.c.9.o
 .data          0x0000000000000904        0x0 emery/appinfo.auto.c.9.o
 .data          0x0000000000000904        0x0 emery/src/resource_ids.auto.c.9.o
 .data          0x0000000000000904        0x0 src/message_keys.auto.c.9.o
 .data          0x0000000000000904        0x0 /home/jules/.pebble-sdk/SDKs/current/sdk-core/pebble/emery/lib/libpebble.a(tmpPNFimSpebble.o)
 .data          0x0000000000000904        0x0 /home/jules/.pebble-sdk/SDKs/4.5/toolchain/arm-none-eabi/bin/../lib/gcc/arm-none-eabi/4.7.2/thumb2/crtend.o
 .data          0x0000000000000904        0x0 /home/jules/.pebble-sdk/SDKs/4.5/toolchain/arm-none-eabi/bin/../lib/gcc/arm-none-eabi/4.7.2/thumb2/crtn.o
 *(.data.*)

.igot.plt       0x0000000000000904        0x0
 .igot.plt      0x0000000000000000        0x0 /home/jules/.pebble-sdk/SDKs/4.5/toolchain/arm-none-eabi/bin/../lib/gcc/arm-none-eabi/4.7.2/thumb2/crtbegin.o

.bss            0x0000000000000904       0x64
 *(.bss)
 *(.bss.*)
 .bss.s_hour_tens_bitmap
                0x0000000000000904        0x4 src/c/ccwatchface.c.9.o
 .bss.s_minute_ones_bitmap
                0x0000000000000908        0x4 src/c/ccwatchface.c.9.o
 .bss.s_month_tens_layer
                0x000000000000090c        0x4 src/c/ccwatchface.c.9.o
 .bss.s_ri_bitmap
                0x0000000000000910        0x4 src/c/ccwatchface.c.9.o
 .bss.s_hour_tens_layer
                0x0000000000000914        0x4 src/c/ccwatchface.c.9.o
 .bss.s_minute_tens_layer
                0x0000000000000918        0x4 src/c/ccwatchface.c.9.o
 .bss.s_ri_layer
                0x000000000000091c        0x4 src/c/ccwatchface.c.9.o
 .bss.s_hour_ones_bitmap
                0x0000000000000920        0x4 src/c/ccwatchface.c.9.o
 .bss.s_yue_layer
                0x0000000000000924        0x4 src/c/ccwatchface.c.9.o
 .bss.s_minute_ones_layer
                0x0000000000000928        0x4 src/c/ccwatchface.c.9.o
 .bss.s_main_window
                0x000000000000092c        0x4 src/c/ccwatchface.c.9.o
 .bss.s_week_bitmap
                0x0000000000000930        0x4 src/c/ccwatchface.c.9.o
 .bss.s_yue_bitmap
                0x0000000000000934        0x4 src/c/ccwatchface.c.9.o
 .bss.s_day_tens_bitmap
                0x0000000000000938        0x4 src/c/ccwatchface.c.9.o
 .bss.s_month_ones_bitmap
                0x000000000000093c        0x4 src/c/ccwatchface.c.9.o
 .bss.s_day_ones_bitmap
                0x0000000000000940        0x4 src/c/ccwatchface.c.9.o
 .bss.s_day_ones_layer
                0x0000000000000944        0x4 src/c/ccwatchface.c.9.o
 .bss.s_week_layer
                0x0000000000000948        0x4 src/c/ccwatchface.c.9.o
 .bss.s_hour_ones_layer
                0x000000000000094c        0x4 src/c/ccwatchface.c.9.o
 .bss.s_month_ones_layer
                0x0000000000000950        0x4 src/c/ccwatchface.c.9.o
 .bss.s_month_tens_bitmap
                0x0000000000000954        0x4 src/c/ccwatchface.c.9.o
 .bss.s_zhou_bitmap
                0x0000000000000958        0x4 src/c/ccwatchface.c.9.o
 .bss.s_minute_tens_bitmap
                0x000000000000095c        0x4 src/c/ccwatchface.c.9.o
 .bss.s_day_tens_layer
                0x0000000000000960        0x4 src/c/ccwatchface.c.9.o
 .bss.s_zhou_layer
                0x0000000000000964        0x4 src/c/ccwatchface.c.9.o

DISCARD
 libc.a(*)
 libm.a(*)
 libgcc.a(*)
 *(.eh_frame)
OUTPUT(/app/build/emery/pebble-app.elf elf32-littlearm)

.ARM.attributes
                0x0000000000000000       0x27
 .ARM.attributes
                0x0000000000000000       0x19 /home/jules/.pebble-sdk/SDKs/4.5/toolchain/arm-none-eabi/bin/../lib/gcc/arm-none-eabi/4.7.2/thumb2/crti.o
 .ARM.attributes
                0x0000000000000019       0x29 /home/jules/.pebble-sdk/SDKs/4.5/toolchain/arm-none-eabi/bin/../lib/gcc/arm-none-eabi/4.7.2/thumb2/crtbegin.o
 .ARM.attributes
                0x0000000000000042       0x33 src/c/ccwatchface.c.9.o
 .ARM.attributes
                0x0000000000000075       0x33 emery/appinfo.auto.c.9.o
 .ARM.attributes
                0x00000000000000a8       0x33 emery/src/resource_ids.auto.c.9.o
 .ARM.attributes
                0x00000000000000db       0x33 src/message_keys.auto.c.9.o
 .ARM.attributes
                0x000000000000010e       0x21 /home/jules/.pebble-sdk/SDKs/current/sdk-core/pebble/emery/lib/libpebble.a(tmpPNFimSpebble.o)
 .ARM.attributes
                0x000000000000012f       0x29 /home/jules/.pebble-sdk/SDKs/4.5/toolchain/arm-none-eabi/bin/../lib/gcc/arm-none-eabi/4.7.2/thumb2/crtend.o
 .ARM.attributes
                0x0000000000000158       0x19 /home/jules/.pebble-sdk/SDKs/4.5/toolchain/arm-none-eabi/bin/../lib/gcc/arm-none-eabi/4.7.2/thumb2/crtn.o

.comment        0x0000000000000000       0x4e
 .comment       0x0000000000000000       0x4e /home/jules/.pebble-sdk/SDKs/4.5/toolchain/arm-none-eabi/bin/../lib/gcc/arm-none-eabi/4.7.2/thumb2/crtbegin.o
                                         0x4f (size before relaxing)
 .comment       0x0000000000000000       0x4f src/c/ccwatchface.c.9.o
 .comment       0x0000000000000000       0x4f emery/appinfo.auto.c.9.o
 .comment       0x0000000000000000       0x4f emery/src/resource_ids.auto.c.9.o
 .comment       0x0000000000000000       0x4f src/message_keys.auto.c.9.o
 .comment       0x0000000000000000       0x4f /home/jules/.pebble-sdk/SDKs/4.5/toolchain/arm-none-eabi/bin/../lib/gcc/arm-none-eabi/4.7.2/thumb2/crtend.o

.debug_info     0x0000000000000000     0x1813
 .debug_info    0x0000000000000000     0x1032 src/c/ccwatchface.c.9.o
 .debug_info    0x0000000000001032      0x349 emery/appinfo.auto.c.9.o
 .debug_info    0x000000000000137b      0x417 emery/src/resource_ids.auto.c.9.o
 .debug_info    0x0000000000001792       0x81 src/message_keys.auto.c.9.o

.debug_abbrev   0x0000000000000000      0x4ba
 .debug_abbrev  0x0000000000000000      0x394 src/c/ccwatchface.c.9.o
 .debug_abbrev  0x0000000000000394       0x9e emery/appinfo.auto.c.9.o
 .debug_abbrev  0x0000000000000432       0x44 emery/src/resource_ids.auto.c.9.o
 .debug_abbrev  0x0000000000000476       0x44 src/message_keys.auto.c.9.o

.debug_loc      0x0000000000000000      0x76a
 .debug_loc     0x0000000000000000      0x76a src/c/ccwatchface.c.9.o

.debug_aranges  0x0000000000000000       0xa0
 .debug_aranges
                0x0000000000000000       0x58 src/c/ccwatchface.c.9.o
 .debug_aranges
                0x0000000000000058       0x18 emery/appinfo.auto.c.9.o
 .debug_aranges
                0x0000000000000070       0x18 emery/src/resource_ids.auto.c.9.o
 .debug_aranges
                0x0000000000000088       0x18 src/message_keys.auto.c.9.o

.debug_ranges   0x0000000000000000       0x48
 .debug_ranges  0x0000000000000000       0x48 src/c/ccwatchface.c.9.o

.debug_line     0x0000000000000000      0x59d
 .debug_line    0x0000000000000000      0x2f8 src/c/ccwatchface.c.9.o
 .debug_line    0x00000000000002f8      0x11b emery/appinfo.auto.c.9.o
 .debug_line    0x0000000000000413       0xc8 emery/src/resource_ids.auto.c.9.o
 .debug_line    0x00000000000004db       0xc2 src/message_keys.auto.c.9.o

.debug_str      0x0000000000000000      0xedf
 .debug_str     0x0000000000000000      0x793 src/c/ccwatchface.c.9.o
                                        0x827 (size before relaxing)
 .debug_str     0x0000000000000793      0x301 emery/appinfo.auto.c.9.o
                                        0x3bb (size before relaxing)
 .debug_str     0x0000000000000a94      0x421 emery/src/resource_ids.auto.c.9.o
                                        0x4c5 (size before relaxing)
 .debug_str     0x0000000000000eb5       0x2a src/message_keys.auto.c.9.o
                                         0xce (size before relaxing)

.debug_frame    0x0000000000000000      0x10c
 .debug_frame   0x0000000000000000      0x10c src/c/ccwatchface.c.9.o
